// Jest Snapshot v1, https://goo.gl/fbAQLP

exports[`Avatar component renders correctly 1`] = `
<View
  style={
    Object {
      "borderRadius": 30,
      "height": 60,
      "width": 60,
    }
  }
/>
`;
